[     178ms] [ERROR] Ignoring duplicate Content-Security-Policy directive 'worker-src'. @ https://www.ysl.com/fr-fr:0
[     313ms] [ERROR] Failed to load resource: the server responded with a status of 404 () @ https://s.go-mpulse.net/boomerang/K9JYF-NA9GU-K758U-APJ5Q-E7LPJ:0
[     392ms] [ERROR] Ignoring duplicate Content-Security-Policy directive 'worker-src'. @ https://www.ysl.com/fr-fr:269
[     392ms] [ERROR] Ignoring duplicate Content-Security-Policy directive 'worker-src'. @ https://www.ysl.com/fr-fr:269
[     455ms] [ERROR] Failed to load resource: the server responded with a status of 404 () @ https://s.go-mpulse.net/boomerang/K9JYF-NA9GU-K758U-APJ5Q-E7LPJ:0
[     459ms] [ERROR] Failed to load resource: the server responded with a status of 404 () @ https://api.cappasity.com/api/player/cappasity-ai:0
[     742ms] [ERROR] Ignoring duplicate Content-Security-Policy directive 'worker-src'. @ https://cdn.cookielaw.org/scripttemplates/202604.1.0/otBannerSdk.js:6
[     742ms] [ERROR] Ignoring duplicate Content-Security-Policy directive 'worker-src'. @ https://cdn.cookielaw.org/scripttemplates/202604.1.0/otBannerSdk.js:6
[     746ms] [ERROR] Ignoring duplicate Content-Security-Policy directive 'worker-src'. @ https://cdn.cookielaw.org/scripttemplates/202604.1.0/otBannerSdk.js:6
[     747ms] [ERROR] Ignoring duplicate Content-Security-Policy directive 'worker-src'. @ https://cdn.cookielaw.org/scripttemplates/202604.1.0/otBannerSdk.js:6
[    5716ms] [WARNING] The resource https://s.go-mpulse.net/boomerang/K9JYF-NA9GU-K758U-APJ5Q-E7LPJ was preloaded using link preload but not used within a few seconds from the window's load event. Please make sure it has an appropriate `as` value and it is preloaded intentionally. @ https://www.ysl.com/fr-fr:0
[   16648ms] [ERROR] Ignoring duplicate Content-Security-Policy directive 'worker-src'. @ https://www.googletagmanager.com/gtag/js?id=DC-4569009&cx=c&gtm=4e64t1h1:132
[   16649ms] [ERROR] Ignoring duplicate Content-Security-Policy directive 'worker-src'. @ https://www.googletagmanager.com/gtag/js?id=DC-4569009&cx=c&gtm=4e64t1h1:132
[   16737ms] [ERROR] Ignoring duplicate Content-Security-Policy directive 'worker-src'. @ https://cdn.quantummetric.com/qscripts/quantum-ysl.js:72
[   16737ms] [ERROR] Ignoring duplicate Content-Security-Policy directive 'worker-src'. @ https://cdn.quantummetric.com/qscripts/quantum-ysl.js:72
[   16821ms] [ERROR] Ignoring duplicate Content-Security-Policy directive 'worker-src'. @ https://www.googletagmanager.com/gtag/js?id=G-123456&cx=c&gtm=4e64t1h1:129
[   16822ms] [ERROR] Ignoring duplicate Content-Security-Policy directive 'worker-src'. @ https://www.googletagmanager.com/gtag/js?id=G-123456&cx=c&gtm=4e64t1h1:129
[   16825ms] [ERROR] Ignoring duplicate Content-Security-Policy directive 'worker-src'. @ https://www.googletagmanager.com/gtag/js?id=G-123456&cx=c&gtm=4e64t1h1:686
[   16842ms] [ERROR] Ignoring duplicate Content-Security-Policy directive 'worker-src'. @ https://sc-static.net/scevent.min.js:1
[   16934ms] [ERROR] Ignoring duplicate Content-Security-Policy directive 'worker-src'. @ https://s.pinimg.com/ct/lib/main.8bbbbe54.js:0
[   17046ms] [ERROR] Failed to load resource: the server responded with a status of 404 () @ https://s.go-mpulse.net/boomerang/A95LV-6TTAK-UYDA2-EFFSR-VFSSZ:0
[   17069ms] [ERROR] Failed to load resource: the server responded with a status of 404 () @ https://s.go-mpulse.net/boomerang/A95LV-6TTAK-UYDA2-EFFSR-VFSSZ:0
[   17192ms] [ERROR] Ignoring duplicate Content-Security-Policy directive 'worker-src'. @ https://assets.bounceexchange.com/assets/smart-tag/versioned/main-v2_a8cb9255306dcf234ccb7ceb0a60d76f.br.js:1
[   17431ms] [ERROR] Access to CSS stylesheet at 'https://eu3-cdn.inside-graph.com/ig.css?dev=1&_996bfc2e3d-139948' from origin 'https://www.ysl.com' has been blocked by CORS policy: No 'Access-Control-Allow-Origin' header is present on the requested resource. @ about:blank:0
[   17431ms] [ERROR] Failed to load resource: net::ERR_FAILED @ https://eu3-cdn.inside-graph.com/ig.css?dev=1&_996bfc2e3d-139948:0
[   17472ms] [LOG] front.js => connectedToInside @ https://cdn.quantummetric.com/qscripts/quantum-ysl.js:120
[   17492ms] [ERROR] Access to CSS stylesheet at 'https://eu3-cdn.inside-graph.com/custom/3-customGeneralInside.css?1775223569447' from origin 'https://www.ysl.com' has been blocked by CORS policy: No 'Access-Control-Allow-Origin' header is present on the requested resource. @ about:blank:0
[   17493ms] [ERROR] Failed to load resource: net::ERR_FAILED @ https://eu3-cdn.inside-graph.com/custom/3-customGeneralInside.css?1775223569447:0
[   20081ms] [WARNING] The resource https://s.go-mpulse.net/boomerang/A95LV-6TTAK-UYDA2-EFFSR-VFSSZ was preloaded using link preload but not used within a few seconds from the window's load event. Please make sure it has an appropriate `as` value and it is preloaded intentionally. @ https://sskering.ysl.com/_/service_worker/63b0/sw_iframe.html?origin=https%3A%2F%2Fwww.ysl.com&1p=1:0
[   30762ms] [WARNING] The resource https://s.go-mpulse.net/boomerang/K9JYF-NA9GU-K758U-APJ5Q-E7LPJ was preloaded using link preload but not used within a few seconds from the window's load event. Please make sure it has an appropriate `as` value and it is preloaded intentionally. @ https://www.ysl.com/fr-fr:0
[   34275ms] [WARNING] The resource https://s.go-mpulse.net/boomerang/K9JYF-NA9GU-K758U-APJ5Q-E7LPJ was preloaded using link preload but not used within a few seconds from the window's load event. Please make sure it has an appropriate `as` value and it is preloaded intentionally. @ https://www.ysl.com/fr-fr:0
[   37781ms] [WARNING] The resource https://s.go-mpulse.net/boomerang/K9JYF-NA9GU-K758U-APJ5Q-E7LPJ was preloaded using link preload but not used within a few seconds from the window's load event. Please make sure it has an appropriate `as` value and it is preloaded intentionally. @ https://www.ysl.com/fr-fr:0
[   41315ms] [WARNING] The resource https://s.go-mpulse.net/boomerang/K9JYF-NA9GU-K758U-APJ5Q-E7LPJ was preloaded using link preload but not used within a few seconds from the window's load event. Please make sure it has an appropriate `as` value and it is preloaded intentionally. @ https://www.ysl.com/fr-fr:0
[   45191ms] [WARNING] The resource https://s.go-mpulse.net/boomerang/K9JYF-NA9GU-K758U-APJ5Q-E7LPJ was preloaded using link preload but not used within a few seconds from the window's load event. Please make sure it has an appropriate `as` value and it is preloaded intentionally. @ https://www.ysl.com/fr-fr:0
[   48291ms] [WARNING] The resource https://s.go-mpulse.net/boomerang/K9JYF-NA9GU-K758U-APJ5Q-E7LPJ was preloaded using link preload but not used within a few seconds from the window's load event. Please make sure it has an appropriate `as` value and it is preloaded intentionally. @ https://www.ysl.com/fr-fr:0
[   51855ms] [WARNING] The resource https://s.go-mpulse.net/boomerang/K9JYF-NA9GU-K758U-APJ5Q-E7LPJ was preloaded using link preload but not used within a few seconds from the window's load event. Please make sure it has an appropriate `as` value and it is preloaded intentionally. @ https://www.ysl.com/fr-fr:0
[   55304ms] [WARNING] The resource https://s.go-mpulse.net/boomerang/K9JYF-NA9GU-K758U-APJ5Q-E7LPJ was preloaded using link preload but not used within a few seconds from the window's load event. Please make sure it has an appropriate `as` value and it is preloaded intentionally. @ https://www.ysl.com/fr-fr:0
[   58809ms] [WARNING] The resource https://s.go-mpulse.net/boomerang/K9JYF-NA9GU-K758U-APJ5Q-E7LPJ was preloaded using link preload but not used within a few seconds from the window's load event. Please make sure it has an appropriate `as` value and it is preloaded intentionally. @ https://www.ysl.com/fr-fr:0
[   65820ms] [WARNING] The resource https://s.go-mpulse.net/boomerang/K9JYF-NA9GU-K758U-APJ5Q-E7LPJ was preloaded using link preload but not used within a few seconds from the window's load event. Please make sure it has an appropriate `as` value and it is preloaded intentionally. @ https://www.ysl.com/fr-fr:0
[   69311ms] [WARNING] The resource https://s.go-mpulse.net/boomerang/K9JYF-NA9GU-K758U-APJ5Q-E7LPJ was preloaded using link preload but not used within a few seconds from the window's load event. Please make sure it has an appropriate `as` value and it is preloaded intentionally. @ https://www.ysl.com/fr-fr:0
[   72828ms] [WARNING] The resource https://s.go-mpulse.net/boomerang/K9JYF-NA9GU-K758U-APJ5Q-E7LPJ was preloaded using link preload but not used within a few seconds from the window's load event. Please make sure it has an appropriate `as` value and it is preloaded intentionally. @ https://www.ysl.com/fr-fr:0
[   76343ms] [WARNING] The resource https://s.go-mpulse.net/boomerang/K9JYF-NA9GU-K758U-APJ5Q-E7LPJ was preloaded using link preload but not used within a few seconds from the window's load event. Please make sure it has an appropriate `as` value and it is preloaded intentionally. @ https://www.ysl.com/fr-fr:0
[   83360ms] [WARNING] The resource https://s.go-mpulse.net/boomerang/K9JYF-NA9GU-K758U-APJ5Q-E7LPJ was preloaded using link preload but not used within a few seconds from the window's load event. Please make sure it has an appropriate `as` value and it is preloaded intentionally. @ https://www.ysl.com/fr-fr:0
[   86869ms] [WARNING] The resource https://s.go-mpulse.net/boomerang/K9JYF-NA9GU-K758U-APJ5Q-E7LPJ was preloaded using link preload but not used within a few seconds from the window's load event. Please make sure it has an appropriate `as` value and it is preloaded intentionally. @ https://www.ysl.com/fr-fr:0
[   90355ms] [WARNING] The resource https://s.go-mpulse.net/boomerang/K9JYF-NA9GU-K758U-APJ5Q-E7LPJ was preloaded using link preload but not used within a few seconds from the window's load event. Please make sure it has an appropriate `as` value and it is preloaded intentionally. @ https://www.ysl.com/fr-fr:0
[   94195ms] [WARNING] The resource https://s.go-mpulse.net/boomerang/K9JYF-NA9GU-K758U-APJ5Q-E7LPJ was preloaded using link preload but not used within a few seconds from the window's load event. Please make sure it has an appropriate `as` value and it is preloaded intentionally. @ https://www.ysl.com/fr-fr:0
[   97363ms] [WARNING] The resource https://s.go-mpulse.net/boomerang/K9JYF-NA9GU-K758U-APJ5Q-E7LPJ was preloaded using link preload but not used within a few seconds from the window's load event. Please make sure it has an appropriate `as` value and it is preloaded intentionally. @ https://www.ysl.com/fr-fr:0
[  100864ms] [WARNING] The resource https://s.go-mpulse.net/boomerang/K9JYF-NA9GU-K758U-APJ5Q-E7LPJ was preloaded using link preload but not used within a few seconds from the window's load event. Please make sure it has an appropriate `as` value and it is preloaded intentionally. @ https://www.ysl.com/fr-fr:0
[  104392ms] [WARNING] The resource https://s.go-mpulse.net/boomerang/K9JYF-NA9GU-K758U-APJ5Q-E7LPJ was preloaded using link preload but not used within a few seconds from the window's load event. Please make sure it has an appropriate `as` value and it is preloaded intentionally. @ https://www.ysl.com/fr-fr:0
[  107911ms] [WARNING] The resource https://s.go-mpulse.net/boomerang/K9JYF-NA9GU-K758U-APJ5Q-E7LPJ was preloaded using link preload but not used within a few seconds from the window's load event. Please make sure it has an appropriate `as` value and it is preloaded intentionally. @ https://www.ysl.com/fr-fr:0
[  111388ms] [WARNING] The resource https://s.go-mpulse.net/boomerang/K9JYF-NA9GU-K758U-APJ5Q-E7LPJ was preloaded using link preload but not used within a few seconds from the window's load event. Please make sure it has an appropriate `as` value and it is preloaded intentionally. @ https://www.ysl.com/fr-fr:0
[  114954ms] [WARNING] The resource https://s.go-mpulse.net/boomerang/K9JYF-NA9GU-K758U-APJ5Q-E7LPJ was preloaded using link preload but not used within a few seconds from the window's load event. Please make sure it has an appropriate `as` value and it is preloaded intentionally. @ https://www.ysl.com/fr-fr:0
[  118395ms] [WARNING] The resource https://s.go-mpulse.net/boomerang/K9JYF-NA9GU-K758U-APJ5Q-E7LPJ was preloaded using link preload but not used within a few seconds from the window's load event. Please make sure it has an appropriate `as` value and it is preloaded intentionally. @ https://www.ysl.com/fr-fr:0
[  125408ms] [WARNING] The resource https://s.go-mpulse.net/boomerang/K9JYF-NA9GU-K758U-APJ5Q-E7LPJ was preloaded using link preload but not used within a few seconds from the window's load event. Please make sure it has an appropriate `as` value and it is preloaded intentionally. @ https://www.ysl.com/fr-fr:0
[  128915ms] [WARNING] The resource https://s.go-mpulse.net/boomerang/K9JYF-NA9GU-K758U-APJ5Q-E7LPJ was preloaded using link preload but not used within a few seconds from the window's load event. Please make sure it has an appropriate `as` value and it is preloaded intentionally. @ https://www.ysl.com/fr-fr:0
[  132423ms] [WARNING] The resource https://s.go-mpulse.net/boomerang/K9JYF-NA9GU-K758U-APJ5Q-E7LPJ was preloaded using link preload but not used within a few seconds from the window's load event. Please make sure it has an appropriate `as` value and it is preloaded intentionally. @ https://www.ysl.com/fr-fr:0
[  135929ms] [WARNING] The resource https://s.go-mpulse.net/boomerang/K9JYF-NA9GU-K758U-APJ5Q-E7LPJ was preloaded using link preload but not used within a few seconds from the window's load event. Please make sure it has an appropriate `as` value and it is preloaded intentionally. @ https://www.ysl.com/fr-fr:0
[  142937ms] [WARNING] The resource https://s.go-mpulse.net/boomerang/K9JYF-NA9GU-K758U-APJ5Q-E7LPJ was preloaded using link preload but not used within a few seconds from the window's load event. Please make sure it has an appropriate `as` value and it is preloaded intentionally. @ https://www.ysl.com/fr-fr:0
[  146436ms] [WARNING] The resource https://s.go-mpulse.net/boomerang/K9JYF-NA9GU-K758U-APJ5Q-E7LPJ was preloaded using link preload but not used within a few seconds from the window's load event. Please make sure it has an appropriate `as` value and it is preloaded intentionally. @ https://www.ysl.com/fr-fr:0
[  149949ms] [WARNING] The resource https://s.go-mpulse.net/boomerang/K9JYF-NA9GU-K758U-APJ5Q-E7LPJ was preloaded using link preload but not used within a few seconds from the window's load event. Please make sure it has an appropriate `as` value and it is preloaded intentionally. @ https://www.ysl.com/fr-fr:0
[  153447ms] [WARNING] The resource https://s.go-mpulse.net/boomerang/K9JYF-NA9GU-K758U-APJ5Q-E7LPJ was preloaded using link preload but not used within a few seconds from the window's load event. Please make sure it has an appropriate `as` value and it is preloaded intentionally. @ https://www.ysl.com/fr-fr:0
[  156962ms] [WARNING] The resource https://s.go-mpulse.net/boomerang/K9JYF-NA9GU-K758U-APJ5Q-E7LPJ was preloaded using link preload but not used within a few seconds from the window's load event. Please make sure it has an appropriate `as` value and it is preloaded intentionally. @ https://www.ysl.com/fr-fr:0
[  160477ms] [WARNING] The resource https://s.go-mpulse.net/boomerang/K9JYF-NA9GU-K758U-APJ5Q-E7LPJ was preloaded using link preload but not used within a few seconds from the window's load event. Please make sure it has an appropriate `as` value and it is preloaded intentionally. @ https://www.ysl.com/fr-fr:0
[  163977ms] [WARNING] The resource https://s.go-mpulse.net/boomerang/K9JYF-NA9GU-K758U-APJ5Q-E7LPJ was preloaded using link preload but not used within a few seconds from the window's load event. Please make sure it has an appropriate `as` value and it is preloaded intentionally. @ https://www.ysl.com/fr-fr:0
[  167485ms] [WARNING] The resource https://s.go-mpulse.net/boomerang/K9JYF-NA9GU-K758U-APJ5Q-E7LPJ was preloaded using link preload but not used within a few seconds from the window's load event. Please make sure it has an appropriate `as` value and it is preloaded intentionally. @ https://www.ysl.com/fr-fr:0
[  170988ms] [WARNING] The resource https://s.go-mpulse.net/boomerang/K9JYF-NA9GU-K758U-APJ5Q-E7LPJ was preloaded using link preload but not used within a few seconds from the window's load event. Please make sure it has an appropriate `as` value and it is preloaded intentionally. @ https://www.ysl.com/fr-fr:0
[  174495ms] [WARNING] The resource https://s.go-mpulse.net/boomerang/K9JYF-NA9GU-K758U-APJ5Q-E7LPJ was preloaded using link preload but not used within a few seconds from the window's load event. Please make sure it has an appropriate `as` value and it is preloaded intentionally. @ https://www.ysl.com/fr-fr:0
[  178002ms] [WARNING] The resource https://s.go-mpulse.net/boomerang/K9JYF-NA9GU-K758U-APJ5Q-E7LPJ was preloaded using link preload but not used within a few seconds from the window's load event. Please make sure it has an appropriate `as` value and it is preloaded intentionally. @ https://www.ysl.com/fr-fr:0
[  185029ms] [WARNING] The resource https://s.go-mpulse.net/boomerang/K9JYF-NA9GU-K758U-APJ5Q-E7LPJ was preloaded using link preload but not used within a few seconds from the window's load event. Please make sure it has an appropriate `as` value and it is preloaded intentionally. @ https://www.ysl.com/fr-fr:0
[  188565ms] [WARNING] The resource https://s.go-mpulse.net/boomerang/K9JYF-NA9GU-K758U-APJ5Q-E7LPJ was preloaded using link preload but not used within a few seconds from the window's load event. Please make sure it has an appropriate `as` value and it is preloaded intentionally. @ https://www.ysl.com/fr-fr:0
[  192036ms] [WARNING] The resource https://s.go-mpulse.net/boomerang/K9JYF-NA9GU-K758U-APJ5Q-E7LPJ was preloaded using link preload but not used within a few seconds from the window's load event. Please make sure it has an appropriate `as` value and it is preloaded intentionally. @ https://www.ysl.com/fr-fr:0
[  195549ms] [WARNING] The resource https://s.go-mpulse.net/boomerang/K9JYF-NA9GU-K758U-APJ5Q-E7LPJ was preloaded using link preload but not used within a few seconds from the window's load event. Please make sure it has an appropriate `as` value and it is preloaded intentionally. @ https://www.ysl.com/fr-fr:0
[  206072ms] [WARNING] The resource https://s.go-mpulse.net/boomerang/K9JYF-NA9GU-K758U-APJ5Q-E7LPJ was preloaded using link preload but not used within a few seconds from the window's load event. Please make sure it has an appropriate `as` value and it is preloaded intentionally. @ https://www.ysl.com/fr-fr:0
[  209585ms] [WARNING] The resource https://s.go-mpulse.net/boomerang/K9JYF-NA9GU-K758U-APJ5Q-E7LPJ was preloaded using link preload but not used within a few seconds from the window's load event. Please make sure it has an appropriate `as` value and it is preloaded intentionally. @ https://www.ysl.com/fr-fr:0
[  213098ms] [WARNING] The resource https://s.go-mpulse.net/boomerang/K9JYF-NA9GU-K758U-APJ5Q-E7LPJ was preloaded using link preload but not used within a few seconds from the window's load event. Please make sure it has an appropriate `as` value and it is preloaded intentionally. @ https://www.ysl.com/fr-fr:0
[  216607ms] [WARNING] The resource https://s.go-mpulse.net/boomerang/K9JYF-NA9GU-K758U-APJ5Q-E7LPJ was preloaded using link preload but not used within a few seconds from the window's load event. Please make sure it has an appropriate `as` value and it is preloaded intentionally. @ https://www.ysl.com/fr-fr:0
[  220137ms] [WARNING] The resource https://s.go-mpulse.net/boomerang/K9JYF-NA9GU-K758U-APJ5Q-E7LPJ was preloaded using link preload but not used within a few seconds from the window's load event. Please make sure it has an appropriate `as` value and it is preloaded intentionally. @ https://www.ysl.com/fr-fr:0
[  223636ms] [WARNING] The resource https://s.go-mpulse.net/boomerang/K9JYF-NA9GU-K758U-APJ5Q-E7LPJ was preloaded using link preload but not used within a few seconds from the window's load event. Please make sure it has an appropriate `as` value and it is preloaded intentionally. @ https://www.ysl.com/fr-fr:0
[  227138ms] [WARNING] The resource https://s.go-mpulse.net/boomerang/K9JYF-NA9GU-K758U-APJ5Q-E7LPJ was preloaded using link preload but not used within a few seconds from the window's load event. Please make sure it has an appropriate `as` value and it is preloaded intentionally. @ https://www.ysl.com/fr-fr:0
[  230662ms] [WARNING] The resource https://s.go-mpulse.net/boomerang/K9JYF-NA9GU-K758U-APJ5Q-E7LPJ was preloaded using link preload but not used within a few seconds from the window's load event. Please make sure it has an appropriate `as` value and it is preloaded intentionally. @ https://www.ysl.com/fr-fr:0
[  234165ms] [WARNING] The resource https://s.go-mpulse.net/boomerang/K9JYF-NA9GU-K758U-APJ5Q-E7LPJ was preloaded using link preload but not used within a few seconds from the window's load event. Please make sure it has an appropriate `as` value and it is preloaded intentionally. @ https://www.ysl.com/fr-fr:0
[  237663ms] [WARNING] The resource https://s.go-mpulse.net/boomerang/K9JYF-NA9GU-K758U-APJ5Q-E7LPJ was preloaded using link preload but not used within a few seconds from the window's load event. Please make sure it has an appropriate `as` value and it is preloaded intentionally. @ https://www.ysl.com/fr-fr:0
[  241199ms] [WARNING] The resource https://s.go-mpulse.net/boomerang/K9JYF-NA9GU-K758U-APJ5Q-E7LPJ was preloaded using link preload but not used within a few seconds from the window's load event. Please make sure it has an appropriate `as` value and it is preloaded intentionally. @ https://www.ysl.com/fr-fr:0
[  244679ms] [WARNING] The resource https://s.go-mpulse.net/boomerang/K9JYF-NA9GU-K758U-APJ5Q-E7LPJ was preloaded using link preload but not used within a few seconds from the window's load event. Please make sure it has an appropriate `as` value and it is preloaded intentionally. @ https://www.ysl.com/fr-fr:0
[  248218ms] [WARNING] The resource https://s.go-mpulse.net/boomerang/K9JYF-NA9GU-K758U-APJ5Q-E7LPJ was preloaded using link preload but not used within a few seconds from the window's load event. Please make sure it has an appropriate `as` value and it is preloaded intentionally. @ https://www.ysl.com/fr-fr:0
[  251708ms] [WARNING] The resource https://s.go-mpulse.net/boomerang/K9JYF-NA9GU-K758U-APJ5Q-E7LPJ was preloaded using link preload but not used within a few seconds from the window's load event. Please make sure it has an appropriate `as` value and it is preloaded intentionally. @ https://www.ysl.com/fr-fr:0
[  255207ms] [WARNING] The resource https://s.go-mpulse.net/boomerang/K9JYF-NA9GU-K758U-APJ5Q-E7LPJ was preloaded using link preload but not used within a few seconds from the window's load event. Please make sure it has an appropriate `as` value and it is preloaded intentionally. @ https://www.ysl.com/fr-fr:0
[  258721ms] [WARNING] The resource https://s.go-mpulse.net/boomerang/K9JYF-NA9GU-K758U-APJ5Q-E7LPJ was preloaded using link preload but not used within a few seconds from the window's load event. Please make sure it has an appropriate `as` value and it is preloaded intentionally. @ https://www.ysl.com/fr-fr:0
[  265752ms] [WARNING] The resource https://s.go-mpulse.net/boomerang/K9JYF-NA9GU-K758U-APJ5Q-E7LPJ was preloaded using link preload but not used within a few seconds from the window's load event. Please make sure it has an appropriate `as` value and it is preloaded intentionally. @ https://www.ysl.com/fr-fr:0
[  269248ms] [WARNING] The resource https://s.go-mpulse.net/boomerang/K9JYF-NA9GU-K758U-APJ5Q-E7LPJ was preloaded using link preload but not used within a few seconds from the window's load event. Please make sure it has an appropriate `as` value and it is preloaded intentionally. @ https://www.ysl.com/fr-fr:0
[  272752ms] [WARNING] The resource https://s.go-mpulse.net/boomerang/K9JYF-NA9GU-K758U-APJ5Q-E7LPJ was preloaded using link preload but not used within a few seconds from the window's load event. Please make sure it has an appropriate `as` value and it is preloaded intentionally. @ https://www.ysl.com/fr-fr:0
[  276255ms] [WARNING] The resource https://s.go-mpulse.net/boomerang/K9JYF-NA9GU-K758U-APJ5Q-E7LPJ was preloaded using link preload but not used within a few seconds from the window's load event. Please make sure it has an appropriate `as` value and it is preloaded intentionally. @ https://www.ysl.com/fr-fr:0
[  279765ms] [WARNING] The resource https://s.go-mpulse.net/boomerang/K9JYF-NA9GU-K758U-APJ5Q-E7LPJ was preloaded using link preload but not used within a few seconds from the window's load event. Please make sure it has an appropriate `as` value and it is preloaded intentionally. @ https://www.ysl.com/fr-fr:0
[  283305ms] [WARNING] The resource https://s.go-mpulse.net/boomerang/K9JYF-NA9GU-K758U-APJ5Q-E7LPJ was preloaded using link preload but not used within a few seconds from the window's load event. Please make sure it has an appropriate `as` value and it is preloaded intentionally. @ https://www.ysl.com/fr-fr:0
[  286795ms] [WARNING] The resource https://s.go-mpulse.net/boomerang/K9JYF-NA9GU-K758U-APJ5Q-E7LPJ was preloaded using link preload but not used within a few seconds from the window's load event. Please make sure it has an appropriate `as` value and it is preloaded intentionally. @ https://www.ysl.com/fr-fr:0
[  290291ms] [WARNING] The resource https://s.go-mpulse.net/boomerang/K9JYF-NA9GU-K758U-APJ5Q-E7LPJ was preloaded using link preload but not used within a few seconds from the window's load event. Please make sure it has an appropriate `as` value and it is preloaded intentionally. @ https://www.ysl.com/fr-fr:0
[  293807ms] [WARNING] The resource https://s.go-mpulse.net/boomerang/K9JYF-NA9GU-K758U-APJ5Q-E7LPJ was preloaded using link preload but not used within a few seconds from the window's load event. Please make sure it has an appropriate `as` value and it is preloaded intentionally. @ https://www.ysl.com/fr-fr:0
[  297324ms] [WARNING] The resource https://s.go-mpulse.net/boomerang/K9JYF-NA9GU-K758U-APJ5Q-E7LPJ was preloaded using link preload but not used within a few seconds from the window's load event. Please make sure it has an appropriate `as` value and it is preloaded intentionally. @ https://www.ysl.com/fr-fr:0
[  300854ms] [WARNING] The resource https://s.go-mpulse.net/boomerang/K9JYF-NA9GU-K758U-APJ5Q-E7LPJ was preloaded using link preload but not used within a few seconds from the window's load event. Please make sure it has an appropriate `as` value and it is preloaded intentionally. @ https://www.ysl.com/fr-fr:0
[  304344ms] [WARNING] The resource https://s.go-mpulse.net/boomerang/K9JYF-NA9GU-K758U-APJ5Q-E7LPJ was preloaded using link preload but not used within a few seconds from the window's load event. Please make sure it has an appropriate `as` value and it is preloaded intentionally. @ https://www.ysl.com/fr-fr:0
[  307858ms] [WARNING] The resource https://s.go-mpulse.net/boomerang/K9JYF-NA9GU-K758U-APJ5Q-E7LPJ was preloaded using link preload but not used within a few seconds from the window's load event. Please make sure it has an appropriate `as` value and it is preloaded intentionally. @ https://www.ysl.com/fr-fr:0
[  311369ms] [WARNING] The resource https://s.go-mpulse.net/boomerang/K9JYF-NA9GU-K758U-APJ5Q-E7LPJ was preloaded using link preload but not used within a few seconds from the window's load event. Please make sure it has an appropriate `as` value and it is preloaded intentionally. @ https://www.ysl.com/fr-fr:0
[  314855ms] [WARNING] The resource https://s.go-mpulse.net/boomerang/K9JYF-NA9GU-K758U-APJ5Q-E7LPJ was preloaded using link preload but not used within a few seconds from the window's load event. Please make sure it has an appropriate `as` value and it is preloaded intentionally. @ https://www.ysl.com/fr-fr:0
[  321857ms] [WARNING] The resource https://s.go-mpulse.net/boomerang/K9JYF-NA9GU-K758U-APJ5Q-E7LPJ was preloaded using link preload but not used within a few seconds from the window's load event. Please make sure it has an appropriate `as` value and it is preloaded intentionally. @ https://www.ysl.com/fr-fr:0
[  325374ms] [WARNING] The resource https://s.go-mpulse.net/boomerang/K9JYF-NA9GU-K758U-APJ5Q-E7LPJ was preloaded using link preload but not used within a few seconds from the window's load event. Please make sure it has an appropriate `as` value and it is preloaded intentionally. @ https://www.ysl.com/fr-fr:0
[  328880ms] [WARNING] The resource https://s.go-mpulse.net/boomerang/K9JYF-NA9GU-K758U-APJ5Q-E7LPJ was preloaded using link preload but not used within a few seconds from the window's load event. Please make sure it has an appropriate `as` value and it is preloaded intentionally. @ https://www.ysl.com/fr-fr:0
[  332384ms] [WARNING] The resource https://s.go-mpulse.net/boomerang/K9JYF-NA9GU-K758U-APJ5Q-E7LPJ was preloaded using link preload but not used within a few seconds from the window's load event. Please make sure it has an appropriate `as` value and it is preloaded intentionally. @ https://www.ysl.com/fr-fr:0
[  335891ms] [WARNING] The resource https://s.go-mpulse.net/boomerang/K9JYF-NA9GU-K758U-APJ5Q-E7LPJ was preloaded using link preload but not used within a few seconds from the window's load event. Please make sure it has an appropriate `as` value and it is preloaded intentionally. @ https://www.ysl.com/fr-fr:0
[  339395ms] [WARNING] The resource https://s.go-mpulse.net/boomerang/K9JYF-NA9GU-K758U-APJ5Q-E7LPJ was preloaded using link preload but not used within a few seconds from the window's load event. Please make sure it has an appropriate `as` value and it is preloaded intentionally. @ https://www.ysl.com/fr-fr:0
[  342224ms] [LOG] disconnected from inside @ https://cdn.quantummetric.com/qscripts/quantum-ysl.js:120
[  342905ms] [WARNING] The resource https://s.go-mpulse.net/boomerang/K9JYF-NA9GU-K758U-APJ5Q-E7LPJ was preloaded using link preload but not used within a few seconds from the window's load event. Please make sure it has an appropriate `as` value and it is preloaded intentionally. @ https://www.ysl.com/fr-fr:0
[  346473ms] [WARNING] The resource https://s.go-mpulse.net/boomerang/K9JYF-NA9GU-K758U-APJ5Q-E7LPJ was preloaded using link preload but not used within a few seconds from the window's load event. Please make sure it has an appropriate `as` value and it is preloaded intentionally. @ https://www.ysl.com/fr-fr:0
[  349934ms] [WARNING] The resource https://s.go-mpulse.net/boomerang/K9JYF-NA9GU-K758U-APJ5Q-E7LPJ was preloaded using link preload but not used within a few seconds from the window's load event. Please make sure it has an appropriate `as` value and it is preloaded intentionally. @ https://www.ysl.com/fr-fr:0
[  353433ms] [WARNING] The resource https://s.go-mpulse.net/boomerang/K9JYF-NA9GU-K758U-APJ5Q-E7LPJ was preloaded using link preload but not used within a few seconds from the window's load event. Please make sure it has an appropriate `as` value and it is preloaded intentionally. @ https://www.ysl.com/fr-fr:0
[  356933ms] [WARNING] The resource https://s.go-mpulse.net/boomerang/K9JYF-NA9GU-K758U-APJ5Q-E7LPJ was preloaded using link preload but not used within a few seconds from the window's load event. Please make sure it has an appropriate `as` value and it is preloaded intentionally. @ https://www.ysl.com/fr-fr:0
[  360451ms] [WARNING] The resource https://s.go-mpulse.net/boomerang/K9JYF-NA9GU-K758U-APJ5Q-E7LPJ was preloaded using link preload but not used within a few seconds from the window's load event. Please make sure it has an appropriate `as` value and it is preloaded intentionally. @ https://www.ysl.com/fr-fr:0
[  363956ms] [WARNING] The resource https://s.go-mpulse.net/boomerang/K9JYF-NA9GU-K758U-APJ5Q-E7LPJ was preloaded using link preload but not used within a few seconds from the window's load event. Please make sure it has an appropriate `as` value and it is preloaded intentionally. @ https://www.ysl.com/fr-fr:0
[  367456ms] [WARNING] The resource https://s.go-mpulse.net/boomerang/K9JYF-NA9GU-K758U-APJ5Q-E7LPJ was preloaded using link preload but not used within a few seconds from the window's load event. Please make sure it has an appropriate `as` value and it is preloaded intentionally. @ https://www.ysl.com/fr-fr:0
[  370966ms] [WARNING] The resource https://s.go-mpulse.net/boomerang/K9JYF-NA9GU-K758U-APJ5Q-E7LPJ was preloaded using link preload but not used within a few seconds from the window's load event. Please make sure it has an appropriate `as` value and it is preloaded intentionally. @ https://www.ysl.com/fr-fr:0
[  374475ms] [WARNING] The resource https://s.go-mpulse.net/boomerang/K9JYF-NA9GU-K758U-APJ5Q-E7LPJ was preloaded using link preload but not used within a few seconds from the window's load event. Please make sure it has an appropriate `as` value and it is preloaded intentionally. @ https://www.ysl.com/fr-fr:0
[  381475ms] [WARNING] The resource https://s.go-mpulse.net/boomerang/K9JYF-NA9GU-K758U-APJ5Q-E7LPJ was preloaded using link preload but not used within a few seconds from the window's load event. Please make sure it has an appropriate `as` value and it is preloaded intentionally. @ https://www.ysl.com/fr-fr:0
[  384993ms] [WARNING] The resource https://s.go-mpulse.net/boomerang/K9JYF-NA9GU-K758U-APJ5Q-E7LPJ was preloaded using link preload but not used within a few seconds from the window's load event. Please make sure it has an appropriate `as` value and it is preloaded intentionally. @ https://www.ysl.com/fr-fr:0
[  388498ms] [WARNING] The resource https://s.go-mpulse.net/boomerang/K9JYF-NA9GU-K758U-APJ5Q-E7LPJ was preloaded using link preload but not used within a few seconds from the window's load event. Please make sure it has an appropriate `as` value and it is preloaded intentionally. @ https://www.ysl.com/fr-fr:0
[  391999ms] [WARNING] The resource https://s.go-mpulse.net/boomerang/K9JYF-NA9GU-K758U-APJ5Q-E7LPJ was preloaded using link preload but not used within a few seconds from the window's load event. Please make sure it has an appropriate `as` value and it is preloaded intentionally. @ https://www.ysl.com/fr-fr:0
[  395501ms] [WARNING] The resource https://s.go-mpulse.net/boomerang/K9JYF-NA9GU-K758U-APJ5Q-E7LPJ was preloaded using link preload but not used within a few seconds from the window's load event. Please make sure it has an appropriate `as` value and it is preloaded intentionally. @ https://www.ysl.com/fr-fr:0
[  398997ms] [WARNING] The resource https://s.go-mpulse.net/boomerang/K9JYF-NA9GU-K758U-APJ5Q-E7LPJ was preloaded using link preload but not used within a few seconds from the window's load event. Please make sure it has an appropriate `as` value and it is preloaded intentionally. @ https://www.ysl.com/fr-fr:0
[  402501ms] [WARNING] The resource https://s.go-mpulse.net/boomerang/K9JYF-NA9GU-K758U-APJ5Q-E7LPJ was preloaded using link preload but not used within a few seconds from the window's load event. Please make sure it has an appropriate `as` value and it is preloaded intentionally. @ https://www.ysl.com/fr-fr:0
[  406028ms] [WARNING] The resource https://s.go-mpulse.net/boomerang/K9JYF-NA9GU-K758U-APJ5Q-E7LPJ was preloaded using link preload but not used within a few seconds from the window's load event. Please make sure it has an appropriate `as` value and it is preloaded intentionally. @ https://www.ysl.com/fr-fr:0
[  409556ms] [WARNING] The resource https://s.go-mpulse.net/boomerang/K9JYF-NA9GU-K758U-APJ5Q-E7LPJ was preloaded using link preload but not used within a few seconds from the window's load event. Please make sure it has an appropriate `as` value and it is preloaded intentionally. @ https://www.ysl.com/fr-fr:0
[  413069ms] [WARNING] The resource https://s.go-mpulse.net/boomerang/K9JYF-NA9GU-K758U-APJ5Q-E7LPJ was preloaded using link preload but not used within a few seconds from the window's load event. Please make sure it has an appropriate `as` value and it is preloaded intentionally. @ https://www.ysl.com/fr-fr:0
[  416562ms] [WARNING] The resource https://s.go-mpulse.net/boomerang/K9JYF-NA9GU-K758U-APJ5Q-E7LPJ was preloaded using link preload but not used within a few seconds from the window's load event. Please make sure it has an appropriate `as` value and it is preloaded intentionally. @ https://www.ysl.com/fr-fr:0
[  420061ms] [WARNING] The resource https://s.go-mpulse.net/boomerang/K9JYF-NA9GU-K758U-APJ5Q-E7LPJ was preloaded using link preload but not used within a few seconds from the window's load event. Please make sure it has an appropriate `as` value and it is preloaded intentionally. @ https://www.ysl.com/fr-fr:0
[  423580ms] [WARNING] The resource https://s.go-mpulse.net/boomerang/K9JYF-NA9GU-K758U-APJ5Q-E7LPJ was preloaded using link preload but not used within a few seconds from the window's load event. Please make sure it has an appropriate `as` value and it is preloaded intentionally. @ https://www.ysl.com/fr-fr:0
[  427101ms] [WARNING] The resource https://s.go-mpulse.net/boomerang/K9JYF-NA9GU-K758U-APJ5Q-E7LPJ was preloaded using link preload but not used within a few seconds from the window's load event. Please make sure it has an appropriate `as` value and it is preloaded intentionally. @ https://www.ysl.com/fr-fr:0
[  430625ms] [WARNING] The resource https://s.go-mpulse.net/boomerang/K9JYF-NA9GU-K758U-APJ5Q-E7LPJ was preloaded using link preload but not used within a few seconds from the window's load event. Please make sure it has an appropriate `as` value and it is preloaded intentionally. @ https://www.ysl.com/fr-fr:0
[  434098ms] [WARNING] The resource https://s.go-mpulse.net/boomerang/K9JYF-NA9GU-K758U-APJ5Q-E7LPJ was preloaded using link preload but not used within a few seconds from the window's load event. Please make sure it has an appropriate `as` value and it is preloaded intentionally. @ https://www.ysl.com/fr-fr:0
[  437611ms] [WARNING] The resource https://s.go-mpulse.net/boomerang/K9JYF-NA9GU-K758U-APJ5Q-E7LPJ was preloaded using link preload but not used within a few seconds from the window's load event. Please make sure it has an appropriate `as` value and it is preloaded intentionally. @ https://www.ysl.com/fr-fr:0
[  441128ms] [WARNING] The resource https://s.go-mpulse.net/boomerang/K9JYF-NA9GU-K758U-APJ5Q-E7LPJ was preloaded using link preload but not used within a few seconds from the window's load event. Please make sure it has an appropriate `as` value and it is preloaded intentionally. @ https://www.ysl.com/fr-fr:0
[  444625ms] [WARNING] The resource https://s.go-mpulse.net/boomerang/K9JYF-NA9GU-K758U-APJ5Q-E7LPJ was preloaded using link preload but not used within a few seconds from the window's load event. Please make sure it has an appropriate `as` value and it is preloaded intentionally. @ https://www.ysl.com/fr-fr:0
[  448126ms] [WARNING] The resource https://s.go-mpulse.net/boomerang/K9JYF-NA9GU-K758U-APJ5Q-E7LPJ was preloaded using link preload but not used within a few seconds from the window's load event. Please make sure it has an appropriate `as` value and it is preloaded intentionally. @ https://www.ysl.com/fr-fr:0
[  451652ms] [WARNING] The resource https://s.go-mpulse.net/boomerang/K9JYF-NA9GU-K758U-APJ5Q-E7LPJ was preloaded using link preload but not used within a few seconds from the window's load event. Please make sure it has an appropriate `as` value and it is preloaded intentionally. @ https://www.ysl.com/fr-fr:0
[  455158ms] [WARNING] The resource https://s.go-mpulse.net/boomerang/K9JYF-NA9GU-K758U-APJ5Q-E7LPJ was preloaded using link preload but not used within a few seconds from the window's load event. Please make sure it has an appropriate `as` value and it is preloaded intentionally. @ https://www.ysl.com/fr-fr:0
[  458661ms] [WARNING] The resource https://s.go-mpulse.net/boomerang/K9JYF-NA9GU-K758U-APJ5Q-E7LPJ was preloaded using link preload but not used within a few seconds from the window's load event. Please make sure it has an appropriate `as` value and it is preloaded intentionally. @ https://www.ysl.com/fr-fr:0
[  462180ms] [WARNING] The resource https://s.go-mpulse.net/boomerang/K9JYF-NA9GU-K758U-APJ5Q-E7LPJ was preloaded using link preload but not used within a few seconds from the window's load event. Please make sure it has an appropriate `as` value and it is preloaded intentionally. @ https://www.ysl.com/fr-fr:0
[  465714ms] [WARNING] The resource https://s.go-mpulse.net/boomerang/K9JYF-NA9GU-K758U-APJ5Q-E7LPJ was preloaded using link preload but not used within a few seconds from the window's load event. Please make sure it has an appropriate `as` value and it is preloaded intentionally. @ https://www.ysl.com/fr-fr:0
[  469200ms] [WARNING] The resource https://s.go-mpulse.net/boomerang/K9JYF-NA9GU-K758U-APJ5Q-E7LPJ was preloaded using link preload but not used within a few seconds from the window's load event. Please make sure it has an appropriate `as` value and it is preloaded intentionally. @ https://www.ysl.com/fr-fr:0
[  472711ms] [WARNING] The resource https://s.go-mpulse.net/boomerang/K9JYF-NA9GU-K758U-APJ5Q-E7LPJ was preloaded using link preload but not used within a few seconds from the window's load event. Please make sure it has an appropriate `as` value and it is preloaded intentionally. @ https://www.ysl.com/fr-fr:0
[  476213ms] [WARNING] The resource https://s.go-mpulse.net/boomerang/K9JYF-NA9GU-K758U-APJ5Q-E7LPJ was preloaded using link preload but not used within a few seconds from the window's load event. Please make sure it has an appropriate `as` value and it is preloaded intentionally. @ https://www.ysl.com/fr-fr:0
[  479745ms] [WARNING] The resource https://s.go-mpulse.net/boomerang/K9JYF-NA9GU-K758U-APJ5Q-E7LPJ was preloaded using link preload but not used within a few seconds from the window's load event. Please make sure it has an appropriate `as` value and it is preloaded intentionally. @ https://www.ysl.com/fr-fr:0
[  483223ms] [WARNING] The resource https://s.go-mpulse.net/boomerang/K9JYF-NA9GU-K758U-APJ5Q-E7LPJ was preloaded using link preload but not used within a few seconds from the window's load event. Please make sure it has an appropriate `as` value and it is preloaded intentionally. @ https://www.ysl.com/fr-fr:0
[  486736ms] [WARNING] The resource https://s.go-mpulse.net/boomerang/K9JYF-NA9GU-K758U-APJ5Q-E7LPJ was preloaded using link preload but not used within a few seconds from the window's load event. Please make sure it has an appropriate `as` value and it is preloaded intentionally. @ https://www.ysl.com/fr-fr:0
[  490271ms] [WARNING] The resource https://s.go-mpulse.net/boomerang/K9JYF-NA9GU-K758U-APJ5Q-E7LPJ was preloaded using link preload but not used within a few seconds from the window's load event. Please make sure it has an appropriate `as` value and it is preloaded intentionally. @ https://www.ysl.com/fr-fr:0
[  493749ms] [WARNING] The resource https://s.go-mpulse.net/boomerang/K9JYF-NA9GU-K758U-APJ5Q-E7LPJ was preloaded using link preload but not used within a few seconds from the window's load event. Please make sure it has an appropriate `as` value and it is preloaded intentionally. @ https://www.ysl.com/fr-fr:0
[  497264ms] [WARNING] The resource https://s.go-mpulse.net/boomerang/K9JYF-NA9GU-K758U-APJ5Q-E7LPJ was preloaded using link preload but not used within a few seconds from the window's load event. Please make sure it has an appropriate `as` value and it is preloaded intentionally. @ https://www.ysl.com/fr-fr:0
[  500773ms] [WARNING] The resource https://s.go-mpulse.net/boomerang/K9JYF-NA9GU-K758U-APJ5Q-E7LPJ was preloaded using link preload but not used within a few seconds from the window's load event. Please make sure it has an appropriate `as` value and it is preloaded intentionally. @ https://www.ysl.com/fr-fr:0
[  504276ms] [WARNING] The resource https://s.go-mpulse.net/boomerang/K9JYF-NA9GU-K758U-APJ5Q-E7LPJ was preloaded using link preload but not used within a few seconds from the window's load event. Please make sure it has an appropriate `as` value and it is preloaded intentionally. @ https://www.ysl.com/fr-fr:0
[  507774ms] [WARNING] The resource https://s.go-mpulse.net/boomerang/K9JYF-NA9GU-K758U-APJ5Q-E7LPJ was preloaded using link preload but not used within a few seconds from the window's load event. Please make sure it has an appropriate `as` value and it is preloaded intentionally. @ https://www.ysl.com/fr-fr:0
[  511293ms] [WARNING] The resource https://s.go-mpulse.net/boomerang/K9JYF-NA9GU-K758U-APJ5Q-E7LPJ was preloaded using link preload but not used within a few seconds from the window's load event. Please make sure it has an appropriate `as` value and it is preloaded intentionally. @ https://www.ysl.com/fr-fr:0
[  514809ms] [WARNING] The resource https://s.go-mpulse.net/boomerang/K9JYF-NA9GU-K758U-APJ5Q-E7LPJ was preloaded using link preload but not used within a few seconds from the window's load event. Please make sure it has an appropriate `as` value and it is preloaded intentionally. @ https://www.ysl.com/fr-fr:0
[  518324ms] [WARNING] The resource https://s.go-mpulse.net/boomerang/K9JYF-NA9GU-K758U-APJ5Q-E7LPJ was preloaded using link preload but not used within a few seconds from the window's load event. Please make sure it has an appropriate `as` value and it is preloaded intentionally. @ https://www.ysl.com/fr-fr:0
[  521832ms] [WARNING] The resource https://s.go-mpulse.net/boomerang/K9JYF-NA9GU-K758U-APJ5Q-E7LPJ was preloaded using link preload but not used within a few seconds from the window's load event. Please make sure it has an appropriate `as` value and it is preloaded intentionally. @ https://www.ysl.com/fr-fr:0
[  525340ms] [WARNING] The resource https://s.go-mpulse.net/boomerang/K9JYF-NA9GU-K758U-APJ5Q-E7LPJ was preloaded using link preload but not used within a few seconds from the window's load event. Please make sure it has an appropriate `as` value and it is preloaded intentionally. @ https://www.ysl.com/fr-fr:0
[  528832ms] [WARNING] The resource https://s.go-mpulse.net/boomerang/K9JYF-NA9GU-K758U-APJ5Q-E7LPJ was preloaded using link preload but not used within a few seconds from the window's load event. Please make sure it has an appropriate `as` value and it is preloaded intentionally. @ https://www.ysl.com/fr-fr:0
[  532345ms] [WARNING] The resource https://s.go-mpulse.net/boomerang/K9JYF-NA9GU-K758U-APJ5Q-E7LPJ was preloaded using link preload but not used within a few seconds from the window's load event. Please make sure it has an appropriate `as` value and it is preloaded intentionally. @ https://www.ysl.com/fr-fr:0
[  535862ms] [WARNING] The resource https://s.go-mpulse.net/boomerang/K9JYF-NA9GU-K758U-APJ5Q-E7LPJ was preloaded using link preload but not used within a few seconds from the window's load event. Please make sure it has an appropriate `as` value and it is preloaded intentionally. @ https://www.ysl.com/fr-fr:0
[  539373ms] [WARNING] The resource https://s.go-mpulse.net/boomerang/K9JYF-NA9GU-K758U-APJ5Q-E7LPJ was preloaded using link preload but not used within a few seconds from the window's load event. Please make sure it has an appropriate `as` value and it is preloaded intentionally. @ https://www.ysl.com/fr-fr:0
[  543129ms] [WARNING] The resource https://s.go-mpulse.net/boomerang/K9JYF-NA9GU-K758U-APJ5Q-E7LPJ was preloaded using link preload but not used within a few seconds from the window's load event. Please make sure it has an appropriate `as` value and it is preloaded intentionally. @ https://www.ysl.com/fr-fr:0
[  546667ms] [WARNING] The resource https://s.go-mpulse.net/boomerang/K9JYF-NA9GU-K758U-APJ5Q-E7LPJ was preloaded using link preload but not used within a few seconds from the window's load event. Please make sure it has an appropriate `as` value and it is preloaded intentionally. @ https://www.ysl.com/fr-fr:0
[  550190ms] [WARNING] The resource https://s.go-mpulse.net/boomerang/K9JYF-NA9GU-K758U-APJ5Q-E7LPJ was preloaded using link preload but not used within a few seconds from the window's load event. Please make sure it has an appropriate `as` value and it is preloaded intentionally. @ https://www.ysl.com/fr-fr:0
[  553788ms] [WARNING] The resource https://s.go-mpulse.net/boomerang/K9JYF-NA9GU-K758U-APJ5Q-E7LPJ was preloaded using link preload but not used within a few seconds from the window's load event. Please make sure it has an appropriate `as` value and it is preloaded intentionally. @ https://www.ysl.com/fr-fr:0
[  557306ms] [WARNING] The resource https://s.go-mpulse.net/boomerang/K9JYF-NA9GU-K758U-APJ5Q-E7LPJ was preloaded using link preload but not used within a few seconds from the window's load event. Please make sure it has an appropriate `as` value and it is preloaded intentionally. @ https://www.ysl.com/fr-fr:0
[  561174ms] [WARNING] The resource https://s.go-mpulse.net/boomerang/K9JYF-NA9GU-K758U-APJ5Q-E7LPJ was preloaded using link preload but not used within a few seconds from the window's load event. Please make sure it has an appropriate `as` value and it is preloaded intentionally. @ https://www.ysl.com/fr-fr:0
[  564462ms] [WARNING] The resource https://s.go-mpulse.net/boomerang/K9JYF-NA9GU-K758U-APJ5Q-E7LPJ was preloaded using link preload but not used within a few seconds from the window's load event. Please make sure it has an appropriate `as` value and it is preloaded intentionally. @ https://www.ysl.com/fr-fr:0
[  571745ms] [WARNING] The resource https://s.go-mpulse.net/boomerang/K9JYF-NA9GU-K758U-APJ5Q-E7LPJ was preloaded using link preload but not used within a few seconds from the window's load event. Please make sure it has an appropriate `as` value and it is preloaded intentionally. @ https://www.ysl.com/fr-fr:0
[  579127ms] [WARNING] The resource https://s.go-mpulse.net/boomerang/K9JYF-NA9GU-K758U-APJ5Q-E7LPJ was preloaded using link preload but not used within a few seconds from the window's load event. Please make sure it has an appropriate `as` value and it is preloaded intentionally. @ https://www.ysl.com/fr-fr:0
[  582899ms] [WARNING] The resource https://s.go-mpulse.net/boomerang/K9JYF-NA9GU-K758U-APJ5Q-E7LPJ was preloaded using link preload but not used within a few seconds from the window's load event. Please make sure it has an appropriate `as` value and it is preloaded intentionally. @ https://www.ysl.com/fr-fr:0
[  593887ms] [WARNING] The resource https://s.go-mpulse.net/boomerang/K9JYF-NA9GU-K758U-APJ5Q-E7LPJ was preloaded using link preload but not used within a few seconds from the window's load event. Please make sure it has an appropriate `as` value and it is preloaded intentionally. @ https://www.ysl.com/fr-fr:0
[  597386ms] [WARNING] The resource https://s.go-mpulse.net/boomerang/K9JYF-NA9GU-K758U-APJ5Q-E7LPJ was preloaded using link preload but not used within a few seconds from the window's load event. Please make sure it has an appropriate `as` value and it is preloaded intentionally. @ https://www.ysl.com/fr-fr:0
[  601006ms] [WARNING] The resource https://s.go-mpulse.net/boomerang/K9JYF-NA9GU-K758U-APJ5Q-E7LPJ was preloaded using link preload but not used within a few seconds from the window's load event. Please make sure it has an appropriate `as` value and it is preloaded intentionally. @ https://www.ysl.com/fr-fr:0
[  604453ms] [WARNING] The resource https://s.go-mpulse.net/boomerang/K9JYF-NA9GU-K758U-APJ5Q-E7LPJ was preloaded using link preload but not used within a few seconds from the window's load event. Please make sure it has an appropriate `as` value and it is preloaded intentionally. @ https://www.ysl.com/fr-fr:0
[  608011ms] [WARNING] The resource https://s.go-mpulse.net/boomerang/K9JYF-NA9GU-K758U-APJ5Q-E7LPJ was preloaded using link preload but not used within a few seconds from the window's load event. Please make sure it has an appropriate `as` value and it is preloaded intentionally. @ https://www.ysl.com/fr-fr:0
[  611586ms] [WARNING] The resource https://s.go-mpulse.net/boomerang/K9JYF-NA9GU-K758U-APJ5Q-E7LPJ was preloaded using link preload but not used within a few seconds from the window's load event. Please make sure it has an appropriate `as` value and it is preloaded intentionally. @ https://www.ysl.com/fr-fr:0
[  615053ms] [WARNING] The resource https://s.go-mpulse.net/boomerang/K9JYF-NA9GU-K758U-APJ5Q-E7LPJ was preloaded using link preload but not used within a few seconds from the window's load event. Please make sure it has an appropriate `as` value and it is preloaded intentionally. @ https://www.ysl.com/fr-fr:0
[  618631ms] [WARNING] The resource https://s.go-mpulse.net/boomerang/K9JYF-NA9GU-K758U-APJ5Q-E7LPJ was preloaded using link preload but not used within a few seconds from the window's load event. Please make sure it has an appropriate `as` value and it is preloaded intentionally. @ https://www.ysl.com/fr-fr:0
[  622070ms] [WARNING] The resource https://s.go-mpulse.net/boomerang/K9JYF-NA9GU-K758U-APJ5Q-E7LPJ was preloaded using link preload but not used within a few seconds from the window's load event. Please make sure it has an appropriate `as` value and it is preloaded intentionally. @ https://www.ysl.com/fr-fr:0
[  625817ms] [WARNING] The resource https://s.go-mpulse.net/boomerang/K9JYF-NA9GU-K758U-APJ5Q-E7LPJ was preloaded using link preload but not used within a few seconds from the window's load event. Please make sure it has an appropriate `as` value and it is preloaded intentionally. @ https://www.ysl.com/fr-fr:0
[  629206ms] [WARNING] The resource https://s.go-mpulse.net/boomerang/K9JYF-NA9GU-K758U-APJ5Q-E7LPJ was preloaded using link preload but not used within a few seconds from the window's load event. Please make sure it has an appropriate `as` value and it is preloaded intentionally. @ https://www.ysl.com/fr-fr:0
[  632648ms] [WARNING] The resource https://s.go-mpulse.net/boomerang/K9JYF-NA9GU-K758U-APJ5Q-E7LPJ was preloaded using link preload but not used within a few seconds from the window's load event. Please make sure it has an appropriate `as` value and it is preloaded intentionally. @ https://www.ysl.com/fr-fr:0
[  636146ms] [WARNING] The resource https://s.go-mpulse.net/boomerang/K9JYF-NA9GU-K758U-APJ5Q-E7LPJ was preloaded using link preload but not used within a few seconds from the window's load event. Please make sure it has an appropriate `as` value and it is preloaded intentionally. @ https://www.ysl.com/fr-fr:0
[  639771ms] [WARNING] The resource https://s.go-mpulse.net/boomerang/K9JYF-NA9GU-K758U-APJ5Q-E7LPJ was preloaded using link preload but not used within a few seconds from the window's load event. Please make sure it has an appropriate `as` value and it is preloaded intentionally. @ https://www.ysl.com/fr-fr:0
[  643788ms] [WARNING] The resource https://s.go-mpulse.net/boomerang/K9JYF-NA9GU-K758U-APJ5Q-E7LPJ was preloaded using link preload but not used within a few seconds from the window's load event. Please make sure it has an appropriate `as` value and it is preloaded intentionally. @ https://www.ysl.com/fr-fr:0
[  647112ms] [WARNING] The resource https://s.go-mpulse.net/boomerang/K9JYF-NA9GU-K758U-APJ5Q-E7LPJ was preloaded using link preload but not used within a few seconds from the window's load event. Please make sure it has an appropriate `as` value and it is preloaded intentionally. @ https://www.ysl.com/fr-fr:0
[  650404ms] [WARNING] The resource https://s.go-mpulse.net/boomerang/K9JYF-NA9GU-K758U-APJ5Q-E7LPJ was preloaded using link preload but not used within a few seconds from the window's load event. Please make sure it has an appropriate `as` value and it is preloaded intentionally. @ https://www.ysl.com/fr-fr:0
[  653918ms] [WARNING] The resource https://s.go-mpulse.net/boomerang/K9JYF-NA9GU-K758U-APJ5Q-E7LPJ was preloaded using link preload but not used within a few seconds from the window's load event. Please make sure it has an appropriate `as` value and it is preloaded intentionally. @ https://www.ysl.com/fr-fr:0
[  657441ms] [WARNING] The resource https://s.go-mpulse.net/boomerang/K9JYF-NA9GU-K758U-APJ5Q-E7LPJ was preloaded using link preload but not used within a few seconds from the window's load event. Please make sure it has an appropriate `as` value and it is preloaded intentionally. @ https://www.ysl.com/fr-fr:0
[  660920ms] [WARNING] The resource https://s.go-mpulse.net/boomerang/K9JYF-NA9GU-K758U-APJ5Q-E7LPJ was preloaded using link preload but not used within a few seconds from the window's load event. Please make sure it has an appropriate `as` value and it is preloaded intentionally. @ https://www.ysl.com/fr-fr:0
[  664433ms] [WARNING] The resource https://s.go-mpulse.net/boomerang/K9JYF-NA9GU-K758U-APJ5Q-E7LPJ was preloaded using link preload but not used within a few seconds from the window's load event. Please make sure it has an appropriate `as` value and it is preloaded intentionally. @ https://www.ysl.com/fr-fr:0
[  667947ms] [WARNING] The resource https://s.go-mpulse.net/boomerang/K9JYF-NA9GU-K758U-APJ5Q-E7LPJ was preloaded using link preload but not used within a few seconds from the window's load event. Please make sure it has an appropriate `as` value and it is preloaded intentionally. @ https://www.ysl.com/fr-fr:0
[  671714ms] [WARNING] The resource https://s.go-mpulse.net/boomerang/K9JYF-NA9GU-K758U-APJ5Q-E7LPJ was preloaded using link preload but not used within a few seconds from the window's load event. Please make sure it has an appropriate `as` value and it is preloaded intentionally. @ https://www.ysl.com/fr-fr:0
[  675060ms] [WARNING] The resource https://s.go-mpulse.net/boomerang/K9JYF-NA9GU-K758U-APJ5Q-E7LPJ was preloaded using link preload but not used within a few seconds from the window's load event. Please make sure it has an appropriate `as` value and it is preloaded intentionally. @ https://www.ysl.com/fr-fr:0
[  678599ms] [WARNING] The resource https://s.go-mpulse.net/boomerang/K9JYF-NA9GU-K758U-APJ5Q-E7LPJ was preloaded using link preload but not used within a few seconds from the window's load event. Please make sure it has an appropriate `as` value and it is preloaded intentionally. @ https://www.ysl.com/fr-fr:0
[  682102ms] [WARNING] The resource https://s.go-mpulse.net/boomerang/K9JYF-NA9GU-K758U-APJ5Q-E7LPJ was preloaded using link preload but not used within a few seconds from the window's load event. Please make sure it has an appropriate `as` value and it is preloaded intentionally. @ https://www.ysl.com/fr-fr:0
[  685802ms] [WARNING] The resource https://s.go-mpulse.net/boomerang/K9JYF-NA9GU-K758U-APJ5Q-E7LPJ was preloaded using link preload but not used within a few seconds from the window's load event. Please make sure it has an appropriate `as` value and it is preloaded intentionally. @ https://www.ysl.com/fr-fr:0
[  689142ms] [WARNING] The resource https://s.go-mpulse.net/boomerang/K9JYF-NA9GU-K758U-APJ5Q-E7LPJ was preloaded using link preload but not used within a few seconds from the window's load event. Please make sure it has an appropriate `as` value and it is preloaded intentionally. @ https://www.ysl.com/fr-fr:0
[  692606ms] [WARNING] The resource https://s.go-mpulse.net/boomerang/K9JYF-NA9GU-K758U-APJ5Q-E7LPJ was preloaded using link preload but not used within a few seconds from the window's load event. Please make sure it has an appropriate `as` value and it is preloaded intentionally. @ https://www.ysl.com/fr-fr:0
[  696099ms] [WARNING] The resource https://s.go-mpulse.net/boomerang/K9JYF-NA9GU-K758U-APJ5Q-E7LPJ was preloaded using link preload but not used within a few seconds from the window's load event. Please make sure it has an appropriate `as` value and it is preloaded intentionally. @ https://www.ysl.com/fr-fr:0
[  699698ms] [WARNING] The resource https://s.go-mpulse.net/boomerang/K9JYF-NA9GU-K758U-APJ5Q-E7LPJ was preloaded using link preload but not used within a few seconds from the window's load event. Please make sure it has an appropriate `as` value and it is preloaded intentionally. @ https://www.ysl.com/fr-fr:0
[  703313ms] [WARNING] The resource https://s.go-mpulse.net/boomerang/K9JYF-NA9GU-K758U-APJ5Q-E7LPJ was preloaded using link preload but not used within a few seconds from the window's load event. Please make sure it has an appropriate `as` value and it is preloaded intentionally. @ https://www.ysl.com/fr-fr:0
[  706716ms] [WARNING] The resource https://s.go-mpulse.net/boomerang/K9JYF-NA9GU-K758U-APJ5Q-E7LPJ was preloaded using link preload but not used within a few seconds from the window's load event. Please make sure it has an appropriate `as` value and it is preloaded intentionally. @ https://www.ysl.com/fr-fr:0
[  710213ms] [WARNING] The resource https://s.go-mpulse.net/boomerang/K9JYF-NA9GU-K758U-APJ5Q-E7LPJ was preloaded using link preload but not used within a few seconds from the window's load event. Please make sure it has an appropriate `as` value and it is preloaded intentionally. @ https://www.ysl.com/fr-fr:0
[  713715ms] [WARNING] The resource https://s.go-mpulse.net/boomerang/K9JYF-NA9GU-K758U-APJ5Q-E7LPJ was preloaded using link preload but not used within a few seconds from the window's load event. Please make sure it has an appropriate `as` value and it is preloaded intentionally. @ https://www.ysl.com/fr-fr:0
[  717468ms] [WARNING] The resource https://s.go-mpulse.net/boomerang/K9JYF-NA9GU-K758U-APJ5Q-E7LPJ was preloaded using link preload but not used within a few seconds from the window's load event. Please make sure it has an appropriate `as` value and it is preloaded intentionally. @ https://www.ysl.com/fr-fr:0
[  720953ms] [WARNING] The resource https://s.go-mpulse.net/boomerang/K9JYF-NA9GU-K758U-APJ5Q-E7LPJ was preloaded using link preload but not used within a few seconds from the window's load event. Please make sure it has an appropriate `as` value and it is preloaded intentionally. @ https://www.ysl.com/fr-fr:0
[  724564ms] [WARNING] The resource https://s.go-mpulse.net/boomerang/K9JYF-NA9GU-K758U-APJ5Q-E7LPJ was preloaded using link preload but not used within a few seconds from the window's load event. Please make sure it has an appropriate `as` value and it is preloaded intentionally. @ https://www.ysl.com/fr-fr:0
[  725979ms] [ERROR] Failed to load resource: net::ERR_INSUFFICIENT_RESOURCES @ https://ingesteu.quantummetric.com/horizon/ysl?T=B&u=https%3A%2F%2Fwww.ysl.com%2Ffr-fr&t=1777714304375&v=1777715012135&H=80c4f569d11f147fd5e97096&s=2e03aa3d93a5a9d3e09ccf74040f7ef0&N=201&Q=2&S=141508&b=705&z=1:0
