[    1252ms] [LOG] disconnected from inside @ https://cdn.quantummetric.com/qscripts/quantum-ysl.js:120
[    1294ms] [ERROR] Ignoring duplicate Content-Security-Policy directive 'worker-src'. @ https://www.ysl.com/fr-fr/ca/femme/pret-a-porter?currentContextTags=OnlyForNonEmployee,OnlyForNonPrivateSale:0
[    1352ms] [ERROR] Failed to load resource: the server responded with a status of 404 () @ https://s.go-mpulse.net/boomerang/K9JYF-NA9GU-K758U-APJ5Q-E7LPJ:0
[    1370ms] [ERROR] Ignoring duplicate Content-Security-Policy directive 'worker-src'. @ https://www.ysl.com/fr-fr/ca/femme/pret-a-porter?currentContextTags=OnlyForNonEmployee,OnlyForNonPrivateSale:384
[    1370ms] [ERROR] Ignoring duplicate Content-Security-Policy directive 'worker-src'. @ https://www.ysl.com/fr-fr/ca/femme/pret-a-porter?currentContextTags=OnlyForNonEmployee,OnlyForNonPrivateSale:384
[    1396ms] [ERROR] Failed to load resource: the server responded with a status of 404 () @ https://s.go-mpulse.net/boomerang/K9JYF-NA9GU-K758U-APJ5Q-E7LPJ:0
[    1622ms] [ERROR] Failed to load resource: the server responded with a status of 404 () @ https://api.cappasity.com/api/player/cappasity-ai:0
[    2176ms] [ERROR] Ignoring duplicate Content-Security-Policy directive 'worker-src'. @ https://cdn.cookielaw.org/scripttemplates/202604.1.0/otBannerSdk.js:6
[    2177ms] [ERROR] Ignoring duplicate Content-Security-Policy directive 'worker-src'. @ https://cdn.cookielaw.org/scripttemplates/202604.1.0/otBannerSdk.js:6
[    2179ms] [ERROR] Ignoring duplicate Content-Security-Policy directive 'worker-src'. @ https://cdn.cookielaw.org/scripttemplates/202604.1.0/otBannerSdk.js:6
[    2180ms] [ERROR] Ignoring duplicate Content-Security-Policy directive 'worker-src'. @ https://cdn.cookielaw.org/scripttemplates/202604.1.0/otBannerSdk.js:6
[    2296ms] [ERROR] Ignoring duplicate Content-Security-Policy directive 'worker-src'. @ https://sc-static.net/scevent.min.js:1
[    2331ms] [ERROR] Ignoring duplicate Content-Security-Policy directive 'worker-src'. @ https://cdn.quantummetric.com/qscripts/quantum-ysl.js:72
[    2331ms] [ERROR] Ignoring duplicate Content-Security-Policy directive 'worker-src'. @ https://cdn.quantummetric.com/qscripts/quantum-ysl.js:72
[    2383ms] [ERROR] Ignoring duplicate Content-Security-Policy directive 'worker-src'. @ https://www.googletagmanager.com/gtag/js?id=G-123456&cx=c&gtm=4e64t1h1:129
[    2383ms] [ERROR] Ignoring duplicate Content-Security-Policy directive 'worker-src'. @ https://www.googletagmanager.com/gtag/js?id=G-123456&cx=c&gtm=4e64t1h1:129
[    2386ms] [ERROR] Ignoring duplicate Content-Security-Policy directive 'worker-src'. @ https://www.googletagmanager.com/gtag/js?id=G-123456&cx=c&gtm=4e64t1h1:686
[    2427ms] [ERROR] Ignoring duplicate Content-Security-Policy directive 'worker-src'. @ https://www.googletagmanager.com/gtag/js?id=DC-4569009&cx=c&gtm=4e64t1h1:132
[    2428ms] [ERROR] Ignoring duplicate Content-Security-Policy directive 'worker-src'. @ https://www.googletagmanager.com/gtag/js?id=DC-4569009&cx=c&gtm=4e64t1h1:132
[    2450ms] [ERROR] Failed to load resource: the server responded with a status of 404 () @ https://s.go-mpulse.net/boomerang/A95LV-6TTAK-UYDA2-EFFSR-VFSSZ:0
[    2455ms] [ERROR] Failed to load resource: the server responded with a status of 404 () @ https://s.go-mpulse.net/boomerang/A95LV-6TTAK-UYDA2-EFFSR-VFSSZ:0
[    2745ms] [ERROR] Ignoring duplicate Content-Security-Policy directive 'worker-src'. @ https://assets.bounceexchange.com/assets/smart-tag/versioned/main-v2_a8cb9255306dcf234ccb7ceb0a60d76f.br.js:1
[    3019ms] [ERROR] Ignoring duplicate Content-Security-Policy directive 'worker-src'. @ https://s.pinimg.com/ct/lib/main.8bbbbe54.js:0
[    3332ms] [ERROR] Access to CSS stylesheet at 'https://eu3-cdn.inside-graph.com/ig.css?dev=1&_996bfc2e3d-139948' from origin 'https://www.ysl.com' has been blocked by CORS policy: No 'Access-Control-Allow-Origin' header is present on the requested resource. @ about:blank:0
[    3332ms] [ERROR] Failed to load resource: net::ERR_FAILED @ https://eu3-cdn.inside-graph.com/ig.css?dev=1&_996bfc2e3d-139948:0
[    3378ms] [LOG] front.js => connectedToInside @ https://cdn.quantummetric.com/qscripts/quantum-ysl.js:120
[    3386ms] [ERROR] Access to CSS stylesheet at 'https://eu3-cdn.inside-graph.com/custom/3-customGeneralInside.css?1775223569447' from origin 'https://www.ysl.com' has been blocked by CORS policy: No 'Access-Control-Allow-Origin' header is present on the requested resource. @ about:blank:0
[    3386ms] [ERROR] Failed to load resource: net::ERR_FAILED @ https://eu3-cdn.inside-graph.com/custom/3-customGeneralInside.css?1775223569447:0
[    5464ms] [WARNING] The resource https://s.go-mpulse.net/boomerang/A95LV-6TTAK-UYDA2-EFFSR-VFSSZ was preloaded using link preload but not used within a few seconds from the window's load event. Please make sure it has an appropriate `as` value and it is preloaded intentionally. @ https://sskering.ysl.com/_/service_worker/63b0/sw_iframe.html?origin=https%3A%2F%2Fwww.ysl.com&1p=1:0
[   15726ms] [WARNING] The resource https://s.go-mpulse.net/boomerang/K9JYF-NA9GU-K758U-APJ5Q-E7LPJ was preloaded using link preload but not used within a few seconds from the window's load event. Please make sure it has an appropriate `as` value and it is preloaded intentionally. @ https://www.ysl.com/fr-fr/ca/femme/pret-a-porter?currentContextTags=OnlyForNonEmployee,OnlyForNonPrivateSale:0
[   23894ms] [WARNING] The resource https://s.go-mpulse.net/boomerang/K9JYF-NA9GU-K758U-APJ5Q-E7LPJ was preloaded using link preload but not used within a few seconds from the window's load event. Please make sure it has an appropriate `as` value and it is preloaded intentionally. @ https://www.ysl.com/fr-fr/ca/femme/pret-a-porter?currentContextTags=OnlyForNonEmployee,OnlyForNonPrivateSale:0
[   35739ms] [WARNING] The resource https://s.go-mpulse.net/boomerang/K9JYF-NA9GU-K758U-APJ5Q-E7LPJ was preloaded using link preload but not used within a few seconds from the window's load event. Please make sure it has an appropriate `as` value and it is preloaded intentionally. @ https://www.ysl.com/fr-fr/ca/femme/pret-a-porter?currentContextTags=OnlyForNonEmployee,OnlyForNonPrivateSale:0
