[     952ms] [LOG] disconnected from inside @ https://cdn.quantummetric.com/qscripts/quantum-ysl.js:120
[     998ms] [ERROR] Failed to load resource: the server responded with a status of 404 () @ https://www.ysl.com/fr-fr/404:0
[     998ms] [ERROR] Ignoring duplicate Content-Security-Policy directive 'worker-src'. @ https://www.ysl.com/fr-fr/404:0
[    1330ms] [ERROR] Failed to load resource: the server responded with a status of 404 () @ https://api.cappasity.com/api/player/cappasity-ai:0
[    1367ms] [ERROR] Ignoring duplicate Content-Security-Policy directive 'worker-src'. @ https://cdn.cookielaw.org/scripttemplates/202604.1.0/otBannerSdk.js:6
[    1368ms] [ERROR] Ignoring duplicate Content-Security-Policy directive 'worker-src'. @ https://cdn.cookielaw.org/scripttemplates/202604.1.0/otBannerSdk.js:6
[    1370ms] [ERROR] Ignoring duplicate Content-Security-Policy directive 'worker-src'. @ https://cdn.cookielaw.org/scripttemplates/202604.1.0/otBannerSdk.js:6
[    1371ms] [ERROR] Ignoring duplicate Content-Security-Policy directive 'worker-src'. @ https://cdn.cookielaw.org/scripttemplates/202604.1.0/otBannerSdk.js:6
[    1438ms] [ERROR] Ignoring duplicate Content-Security-Policy directive 'worker-src'. @ https://cdn.quantummetric.com/qscripts/quantum-ysl.js:72
[    1439ms] [ERROR] Ignoring duplicate Content-Security-Policy directive 'worker-src'. @ https://cdn.quantummetric.com/qscripts/quantum-ysl.js:72
[    1546ms] [ERROR] Ignoring duplicate Content-Security-Policy directive 'worker-src'. @ https://www.googletagmanager.com/gtag/js?id=G-123456&cx=c&gtm=4e64t1h1:129
[    1546ms] [ERROR] Ignoring duplicate Content-Security-Policy directive 'worker-src'. @ https://www.googletagmanager.com/gtag/js?id=G-123456&cx=c&gtm=4e64t1h1:129
[    1548ms] [ERROR] Ignoring duplicate Content-Security-Policy directive 'worker-src'. @ https://www.googletagmanager.com/gtag/js?id=G-123456&cx=c&gtm=4e64t1h1:686
[    1640ms] [ERROR] Ignoring duplicate Content-Security-Policy directive 'worker-src'. @ https://www.googletagmanager.com/gtag/js?id=DC-4569009&cx=c&gtm=4e64t1h1:132
[    1649ms] [ERROR] Failed to load resource: the server responded with a status of 404 () @ https://s.go-mpulse.net/boomerang/A95LV-6TTAK-UYDA2-EFFSR-VFSSZ:0
[    1656ms] [ERROR] Failed to load resource: the server responded with a status of 404 () @ https://s.go-mpulse.net/boomerang/A95LV-6TTAK-UYDA2-EFFSR-VFSSZ:0
[    1666ms] [ERROR] Ignoring duplicate Content-Security-Policy directive 'worker-src'. @ https://sc-static.net/scevent.min.js:1
[    1933ms] [ERROR] Ignoring duplicate Content-Security-Policy directive 'worker-src'. @ https://assets.bounceexchange.com/assets/smart-tag/versioned/main-v2_a8cb9255306dcf234ccb7ceb0a60d76f.br.js:1
[    2526ms] [ERROR] Ignoring duplicate Content-Security-Policy directive 'worker-src'. @ https://s.pinimg.com/ct/lib/main.8bbbbe54.js:0
[    3087ms] [ERROR] Access to CSS stylesheet at 'https://eu3-cdn.inside-graph.com/ig.css?dev=1&_996bfc2e3d-139948' from origin 'https://www.ysl.com' has been blocked by CORS policy: No 'Access-Control-Allow-Origin' header is present on the requested resource. @ about:blank:0
[    3087ms] [ERROR] Failed to load resource: net::ERR_FAILED @ https://eu3-cdn.inside-graph.com/ig.css?dev=1&_996bfc2e3d-139948:0
[    3144ms] [LOG] front.js => connectedToInside @ https://cdn.quantummetric.com/qscripts/quantum-ysl.js:120
[    3151ms] [ERROR] Access to CSS stylesheet at 'https://eu3-cdn.inside-graph.com/custom/3-customGeneralInside.css?1775223569447' from origin 'https://www.ysl.com' has been blocked by CORS policy: No 'Access-Control-Allow-Origin' header is present on the requested resource. @ about:blank:0
[    3151ms] [ERROR] Failed to load resource: net::ERR_FAILED @ https://eu3-cdn.inside-graph.com/custom/3-customGeneralInside.css?1775223569447:0
